<html>
<body>
<pre>
<h1>µVision Build Log</h1>
<h2>Tool Versions:</h2>
IDE-Version: ¦ÌVision V5.38.0.0
Copyright (C) 2022 ARM Ltd and ARM Germany GmbH. All rights reserved.
License Information: ±Ø¶Á JuGuanNan, ±Ø¶Á, LIC=GMZI6-D30EI-LQ10Q-NP1BU-WJZCY-ZQ6VU
 
Tool Versions:
Toolchain:       MDK-ARM Plus  Version: 5.38.0.0
Toolchain Path:  D:\ARM\ARMCC\Bin
C Compiler:      Armcc.exe V5.06 update 6 (build 750)
Assembler:       Armasm.exe V5.06 update 6 (build 750)
Linker/Locator:  ArmLink.exe V5.06 update 6 (build 750)
Library Manager: ArmAr.exe V5.06 update 6 (build 750)
Hex Converter:   FromElf.exe V5.06 update 6 (build 750)
CPU DLL:         SARMCM3.DLL V5.38.0.0
Dialog DLL:      DCM.DLL V1.17.5.0
Target DLL:      STLink\ST-LINKIII-KEIL_SWO.dll V3.1.0.0
Dialog DLL:      TCM.DLL V1.56.4.0
 
<h2>Project:</h2>
C:\Users\JuGuanNan\Desktop\2025RC\imutest\MDK-ARM\imutest.uvprojx
Project File Date:  09/28/2024

<h2>Output:</h2>
*** Using Compiler 'V5.06 update 6 (build 750)', folder: 'D:\ARM\ARMCC\Bin'
Build target 'imutest'
compiling imu.c...
..\device\parameter.h(60): warning:  #1-D: last line of file ends without a newline
  #endif
..\device\imu.h(41): warning:  #1-D: last line of file ends without a newline
  #endif
..\MDK-ARM\VOFA.h(10): warning:  #1295-D: Deprecated declaration ClearScreen - give arg types
  void ClearScreen();
..\MDK-ARM\VOFA.h(11): warning:  #1-D: last line of file ends without a newline
  #endif 
..\device\imu.c(56): warning:  #223-D: function "memcpy" declared implicitly
  				memcpy(Fd_rsimu, Fd_data, sizeof(Fd_data));  
..\device\imu.c(65): warning:  #223-D: function "memcpy" declared implicitly
  				memcpy(Fd_rsahrs, Fd_data, sizeof(Fd_data));
..\device\imu.c(154): warning:  #63-D: shift count is too large
    transition_64 |=  Data_8<<56;   
..\device\imu.c(155): warning:  #63-D: shift count is too large
    transition_64 |=  Data_7<<48; 
..\device\imu.c(156): warning:  #63-D: shift count is too large
  	transition_64 |=  Data_6<<40;
..\device\imu.c(157): warning:  #63-D: shift count is too large
  	transition_64 |=  Data_5<<32;	
..\device\imu.c(184): warning:  #1035-D: single-precision operand implicitly converted to double-precision
  		Imu_data.Yaw_draft=delta_yaw_orgin/IMU_INTEGRAL_TIME*57.3;
..\device\imu.c(185): warning:  #1035-D: single-precision operand implicitly converted to double-precision
  		Imu_data.start_yaw=(float)Startyaw*57.3-Imu_data.Yaw_draft*measurement_period;
..\device\imu.c(260): warning:  #1035-D: single-precision operand implicitly converted to double-precision
  	  Self->Yaw_process = 57.3*AHRSData_Packet.Heading;
..\device\imu.c(313): warning:  #1035-D: single-precision operand implicitly converted to double-precision
  			Self->Yaw+=Self->Yaw_process+IMU_POSTIVE_PARA*Self->Yaw_d;
..\device\imu.c(317): warning:  #1035-D: single-precision operand implicitly converted to double-precision
  			Self->Yaw+=Self->Yaw_process+IMU_NEGATIVE_PARA*Self->Yaw_d;
..\device\imu.c: 15 warnings, 0 errors
linking...
Program Size: Code=20992 RO-data=688 RW-data=196 ZI-data=20444  
FromELF: creating hex file...
"imutest\imutest.axf" - 0 Error(s), 15 Warning(s).

<h2>Software Packages used:</h2>

Package Vendor: ARM
                http://www.keil.com/pack/ARM.CMSIS.5.9.0.pack
                ARM.CMSIS.5.9.0
                CMSIS (Common Microcontroller Software Interface Standard)
   * Component: CORE Version: 5.6.0

Package Vendor: Keil
                https://www.keil.com/pack/Keil.STM32F4xx_DFP.2.17.1.pack
                Keil.STM32F4xx_DFP.2.17.1
                STMicroelectronics STM32F4 Series Device Support, Drivers and Examples

<h2>Collection of Component include folders:</h2>
  ./RTE/_imutest
  C:/Users/JuGuanNan/AppData/Local/Arm/Packs/ARM/CMSIS/5.9.0/CMSIS/Core/Include
  C:/Users/JuGuanNan/AppData/Local/Arm/Packs/Keil/STM32F4xx_DFP/2.17.1/Drivers/CMSIS/Device/ST/STM32F4xx/Include

<h2>Collection of Component Files used:</h2>

   * Component: ARM::CMSIS:CORE:5.6.0
Build Time Elapsed:  00:00:03
</pre>
</body>
</html>
